16:14:22 **** Auto Build of configuration Debug for project ece530lab9part2 ****
make pre-build main-build 
a9-linaro-pre-build-step
' '
'Building file: ../src/scutimer_interrupt_subroutines.c'
'Invoking: ARM v7 gcc compiler'
arm-none-eabi-gcc -Wall -O0 -g3 -c -fmessage-length=0 -MT"src/scutimer_interrupt_subroutines.o" -mcpu=cortex-a9 -mfpu=vfpv3 -mfloat-abi=hard -I../../ece530lab9part2_bsp/ps7_cortexa9_0/include -MMD -MP -MF"src/scutimer_interrupt_subroutines.d" -MT"src/scutimer_interrupt_subroutines.o" -o "src/scutimer_interrupt_subroutines.o" "../src/scutimer_interrupt_subroutines.c"
'Finished building: ../src/scutimer_interrupt_subroutines.c'
' '
'Building target: ece530lab9part2.elf'
'Invoking: ARM v7 gcc linker'
arm-none-eabi-gcc -mcpu=cortex-a9 -mfpu=vfpv3 -mfloat-abi=hard -Wl,-build-id=none -specs=Xilinx.spec -Wl,-T -Wl,../src/lscript.ld -L../../ece530lab9part2_bsp/ps7_cortexa9_0/lib -o "ece530lab9part2.elf"  ./src/scutimer_interrupt_subroutines.o   -Wl,--start-group,-lxil,-lgcc,-lc,--end-group
'Finished building target: ece530lab9part2.elf'
' '
'Invoking: ARM v7 Print Size'
arm-none-eabi-size ece530lab9part2.elf  |tee "ece530lab9part2.elf.size"
   text	   data	    bss	    dec	    hex	filename
  41124	   3792	  22692	  67608	  10818	ece530lab9part2.elf
'Finished building: ece530lab9part2.elf.size'
' '

16:14:23 Build Finished (took 938ms)

