16:00:44 **** Auto Build of configuration Debug for project LEDcounter_scutimer_interrupt ****
make pre-build main-build 
a9-linaro-pre-build-step
' '
'Building file: ../src/LEDcounter_scutimer_interrupt.c'
'Invoking: ARM v7 gcc compiler'
arm-none-eabi-gcc -Wall -O0 -g3 -c -fmessage-length=0 -MT"src/LEDcounter_scutimer_interrupt.o" -mcpu=cortex-a9 -mfpu=vfpv3 -mfloat-abi=hard -I../../LEDcounter_scutimer_interrupt_bsp/ps7_cortexa9_0/include -MMD -MP -MF"src/LEDcounter_scutimer_interrupt.d" -MT"src/LEDcounter_scutimer_interrupt.o" -o "src/LEDcounter_scutimer_interrupt.o" "../src/LEDcounter_scutimer_interrupt.c"
'Finished building: ../src/LEDcounter_scutimer_interrupt.c'
' '
'Building target: LEDcounter_scutimer_interrupt.elf'
'Invoking: ARM v7 gcc linker'
arm-none-eabi-gcc -mcpu=cortex-a9 -mfpu=vfpv3 -mfloat-abi=hard -Wl,-build-id=none -specs=Xilinx.spec -Wl,-T -Wl,../src/lscript.ld -L../../LEDcounter_scutimer_interrupt_bsp/ps7_cortexa9_0/lib -o "LEDcounter_scutimer_interrupt.elf"  ./src/LEDcounter_scutimer_interrupt.o   -Wl,--start-group,-lxil,-lgcc,-lc,--end-group
'Finished building target: LEDcounter_scutimer_interrupt.elf'
' '
'Invoking: ARM v7 Print Size'
arm-none-eabi-size LEDcounter_scutimer_interrupt.elf  |tee "LEDcounter_scutimer_interrupt.elf.size"
   text	   data	    bss	    dec	    hex	filename
  41124	   3792	  22692	  67608	  10818	LEDcounter_scutimer_interrupt.elf
'Finished building: LEDcounter_scutimer_interrupt.elf.size'
' '

16:00:45 Build Finished (took 1s.269ms)

